// Jest Snapshot v1, https://goo.gl/fbAQLP

exports[`render the App snapshot 1`] = `
ShallowWrapper {
  Symbol(enzyme.__root__): [Circular],
  Symbol(enzyme.__unrendered__): <App />,
  Symbol(enzyme.__renderer__): Object {
    "batchedUpdates": [Function],
    "getNode": [Function],
    "render": [Function],
    "simulateError": [Function],
    "simulateEvent": [Function],
    "unmount": [Function],
  },
  Symbol(enzyme.__node__): Object {
    "instance": null,
    "key": undefined,
    "nodeType": "host",
    "props": Object {
      "children": <div
        className="form-container"
      >
        <h1
          className="title"
        >
          The Triangle Type
        </h1>
        <Formik
          enableReinitialize={false}
          initialValues={
            Object {
              "sideOne": 0,
              "sideThree": 0,
              "sideTwo": 0,
            }
          }
          isInitialValid={false}
          onSubmit={[Function]}
          validateOnBlur={true}
          validateOnChange={true}
          validationSchema={
            ObjectSchema {
              "_blacklist": RefSet {
                "list": Set {},
                "refs": Map {},
              },
              "_conditions": Array [],
              "_defaultDefault": [Function],
              "_deps": Array [],
              "_excludedEdges": Array [],
              "_exclusive": Object {},
              "_mutate": false,
              "_nodes": Array [
                "sideThree",
                "sideTwo",
                "sideOne",
              ],
              "_options": Object {
                "abortEarly": true,
                "recursive": true,
              },
              "_type": "object",
              "_typeError": [Function],
              "_whitelist": RefSet {
                "list": Set {},
                "refs": Map {},
              },
              "fields": Object {
                "sideOne": NumberSchema {
                  "_blacklist": RefSet {
                    "list": Set {},
                    "refs": Map {},
                  },
                  "_conditions": Array [],
                  "_deps": Array [],
                  "_exclusive": Object {
                    "required": false,
                  },
                  "_mutate": false,
                  "_options": Object {
                    "abortEarly": true,
                    "recursive": true,
                  },
                  "_type": "number",
                  "_typeError": [Function],
                  "_whitelist": RefSet {
                    "list": Set {},
                    "refs": Map {},
                  },
                  "tests": Array [
                    [Function],
                  ],
                  "transforms": Array [
                    [Function],
                  ],
                },
                "sideThree": NumberSchema {
                  "_blacklist": RefSet {
                    "list": Set {},
                    "refs": Map {},
                  },
                  "_conditions": Array [],
                  "_deps": Array [],
                  "_exclusive": Object {
                    "required": false,
                  },
                  "_mutate": false,
                  "_options": Object {
                    "abortEarly": true,
                    "recursive": true,
                  },
                  "_type": "number",
                  "_typeError": [Function],
                  "_whitelist": RefSet {
                    "list": Set {},
                    "refs": Map {},
                  },
                  "tests": Array [
                    [Function],
                  ],
                  "transforms": Array [
                    [Function],
                  ],
                },
                "sideTwo": NumberSchema {
                  "_blacklist": RefSet {
                    "list": Set {},
                    "refs": Map {},
                  },
                  "_conditions": Array [],
                  "_deps": Array [],
                  "_exclusive": Object {
                    "required": false,
                  },
                  "_mutate": false,
                  "_options": Object {
                    "abortEarly": true,
                    "recursive": true,
                  },
                  "_type": "number",
                  "_typeError": [Function],
                  "_whitelist": RefSet {
                    "list": Set {},
                    "refs": Map {},
                  },
                  "tests": Array [
                    [Function],
                  ],
                  "transforms": Array [
                    [Function],
                  ],
                },
              },
              "tests": Array [],
              "transforms": Array [
                [Function],
              ],
            }
          }
        >
          [Function]
        </Formik>
        <div
          className="triangle-type"
        >
          <h4
            className="triangle-type-text"
          >
            This triangle is 
            Equilateral
          </h4>
        </div>
      </div>,
      "className": "container",
      "data-ts": "Main",
    },
    "ref": null,
    "rendered": Object {
      "instance": null,
      "key": undefined,
      "nodeType": "host",
      "props": Object {
        "children": Array [
          <h1
            className="title"
          >
            The Triangle Type
          </h1>,
          <Formik
            enableReinitialize={false}
            initialValues={
              Object {
                "sideOne": 0,
                "sideThree": 0,
                "sideTwo": 0,
              }
            }
            isInitialValid={false}
            onSubmit={[Function]}
            validateOnBlur={true}
            validateOnChange={true}
            validationSchema={
              ObjectSchema {
                "_blacklist": RefSet {
                  "list": Set {},
                  "refs": Map {},
                },
                "_conditions": Array [],
                "_defaultDefault": [Function],
                "_deps": Array [],
                "_excludedEdges": Array [],
                "_exclusive": Object {},
                "_mutate": false,
                "_nodes": Array [
                  "sideThree",
                  "sideTwo",
                  "sideOne",
                ],
                "_options": Object {
                  "abortEarly": true,
                  "recursive": true,
                },
                "_type": "object",
                "_typeError": [Function],
                "_whitelist": RefSet {
                  "list": Set {},
                  "refs": Map {},
                },
                "fields": Object {
                  "sideOne": NumberSchema {
                    "_blacklist": RefSet {
                      "list": Set {},
                      "refs": Map {},
                    },
                    "_conditions": Array [],
                    "_deps": Array [],
                    "_exclusive": Object {
                      "required": false,
                    },
                    "_mutate": false,
                    "_options": Object {
                      "abortEarly": true,
                      "recursive": true,
                    },
                    "_type": "number",
                    "_typeError": [Function],
                    "_whitelist": RefSet {
                      "list": Set {},
                      "refs": Map {},
                    },
                    "tests": Array [
                      [Function],
                    ],
                    "transforms": Array [
                      [Function],
                    ],
                  },
                  "sideThree": NumberSchema {
                    "_blacklist": RefSet {
                      "list": Set {},
                      "refs": Map {},
                    },
                    "_conditions": Array [],
                    "_deps": Array [],
                    "_exclusive": Object {
                      "required": false,
                    },
                    "_mutate": false,
                    "_options": Object {
                      "abortEarly": true,
                      "recursive": true,
                    },
                    "_type": "number",
                    "_typeError": [Function],
                    "_whitelist": RefSet {
                      "list": Set {},
                      "refs": Map {},
                    },
                    "tests": Array [
                      [Function],
                    ],
                    "transforms": Array [
                      [Function],
                    ],
                  },
                  "sideTwo": NumberSchema {
                    "_blacklist": RefSet {
                      "list": Set {},
                      "refs": Map {},
                    },
                    "_conditions": Array [],
                    "_deps": Array [],
                    "_exclusive": Object {
                      "required": false,
                    },
                    "_mutate": false,
                    "_options": Object {
                      "abortEarly": true,
                      "recursive": true,
                    },
                    "_type": "number",
                    "_typeError": [Function],
                    "_whitelist": RefSet {
                      "list": Set {},
                      "refs": Map {},
                    },
                    "tests": Array [
                      [Function],
                    ],
                    "transforms": Array [
                      [Function],
                    ],
                  },
                },
                "tests": Array [],
                "transforms": Array [
                  [Function],
                ],
              }
            }
          >
            [Function]
          </Formik>,
          <div
            className="triangle-type"
          >
            <h4
              className="triangle-type-text"
            >
              This triangle is 
              Equilateral
            </h4>
          </div>,
        ],
        "className": "form-container",
      },
      "ref": null,
      "rendered": Array [
        Object {
          "instance": null,
          "key": undefined,
          "nodeType": "host",
          "props": Object {
            "children": "The Triangle Type",
            "className": "title",
          },
          "ref": null,
          "rendered": "The Triangle Type",
          "type": "h1",
        },
        Object {
          "instance": null,
          "key": undefined,
          "nodeType": "class",
          "props": Object {
            "children": [Function],
            "enableReinitialize": false,
            "initialValues": Object {
              "sideOne": 0,
              "sideThree": 0,
              "sideTwo": 0,
            },
            "isInitialValid": false,
            "onSubmit": [Function],
            "validateOnBlur": true,
            "validateOnChange": true,
            "validationSchema": ObjectSchema {
              "_blacklist": RefSet {
                "list": Set {},
                "refs": Map {},
              },
              "_conditions": Array [],
              "_defaultDefault": [Function],
              "_deps": Array [],
              "_excludedEdges": Array [],
              "_exclusive": Object {},
              "_mutate": false,
              "_nodes": Array [
                "sideThree",
                "sideTwo",
                "sideOne",
              ],
              "_options": Object {
                "abortEarly": true,
                "recursive": true,
              },
              "_type": "object",
              "_typeError": [Function],
              "_whitelist": RefSet {
                "list": Set {},
                "refs": Map {},
              },
              "fields": Object {
                "sideOne": NumberSchema {
                  "_blacklist": RefSet {
                    "list": Set {},
                    "refs": Map {},
                  },
                  "_conditions": Array [],
                  "_deps": Array [],
                  "_exclusive": Object {
                    "required": false,
                  },
                  "_mutate": false,
                  "_options": Object {
                    "abortEarly": true,
                    "recursive": true,
                  },
                  "_type": "number",
                  "_typeError": [Function],
                  "_whitelist": RefSet {
                    "list": Set {},
                    "refs": Map {},
                  },
                  "tests": Array [
                    [Function],
                  ],
                  "transforms": Array [
                    [Function],
                  ],
                },
                "sideThree": NumberSchema {
                  "_blacklist": RefSet {
                    "list": Set {},
                    "refs": Map {},
                  },
                  "_conditions": Array [],
                  "_deps": Array [],
                  "_exclusive": Object {
                    "required": false,
                  },
                  "_mutate": false,
                  "_options": Object {
                    "abortEarly": true,
                    "recursive": true,
                  },
                  "_type": "number",
                  "_typeError": [Function],
                  "_whitelist": RefSet {
                    "list": Set {},
                    "refs": Map {},
                  },
                  "tests": Array [
                    [Function],
                  ],
                  "transforms": Array [
                    [Function],
                  ],
                },
                "sideTwo": NumberSchema {
                  "_blacklist": RefSet {
                    "list": Set {},
                    "refs": Map {},
                  },
                  "_conditions": Array [],
                  "_deps": Array [],
                  "_exclusive": Object {
                    "required": false,
                  },
                  "_mutate": false,
                  "_options": Object {
                    "abortEarly": true,
                    "recursive": true,
                  },
                  "_type": "number",
                  "_typeError": [Function],
                  "_whitelist": RefSet {
                    "list": Set {},
                    "refs": Map {},
                  },
                  "tests": Array [
                    [Function],
                  ],
                  "transforms": Array [
                    [Function],
                  ],
                },
              },
              "tests": Array [],
              "transforms": Array [
                [Function],
              ],
            },
          },
          "ref": null,
          "rendered": [Function],
          "type": [Function],
        },
        Object {
          "instance": null,
          "key": undefined,
          "nodeType": "host",
          "props": Object {
            "children": <h4
              className="triangle-type-text"
            >
              This triangle is 
              Equilateral
            </h4>,
            "className": "triangle-type",
          },
          "ref": null,
          "rendered": Object {
            "instance": null,
            "key": undefined,
            "nodeType": "host",
            "props": Object {
              "children": Array [
                "This triangle is ",
                "Equilateral",
              ],
              "className": "triangle-type-text",
            },
            "ref": null,
            "rendered": Array [
              "This triangle is ",
              "Equilateral",
            ],
            "type": "h4",
          },
          "type": "div",
        },
      ],
      "type": "div",
    },
    "type": "div",
  },
  Symbol(enzyme.__nodes__): Array [
    Object {
      "instance": null,
      "key": undefined,
      "nodeType": "host",
      "props": Object {
        "children": <div
          className="form-container"
        >
          <h1
            className="title"
          >
            The Triangle Type
          </h1>
          <Formik
            enableReinitialize={false}
            initialValues={
              Object {
                "sideOne": 0,
                "sideThree": 0,
                "sideTwo": 0,
              }
            }
            isInitialValid={false}
            onSubmit={[Function]}
            validateOnBlur={true}
            validateOnChange={true}
            validationSchema={
              ObjectSchema {
                "_blacklist": RefSet {
                  "list": Set {},
                  "refs": Map {},
                },
                "_conditions": Array [],
                "_defaultDefault": [Function],
                "_deps": Array [],
                "_excludedEdges": Array [],
                "_exclusive": Object {},
                "_mutate": false,
                "_nodes": Array [
                  "sideThree",
                  "sideTwo",
                  "sideOne",
                ],
                "_options": Object {
                  "abortEarly": true,
                  "recursive": true,
                },
                "_type": "object",
                "_typeError": [Function],
                "_whitelist": RefSet {
                  "list": Set {},
                  "refs": Map {},
                },
                "fields": Object {
                  "sideOne": NumberSchema {
                    "_blacklist": RefSet {
                      "list": Set {},
                      "refs": Map {},
                    },
                    "_conditions": Array [],
                    "_deps": Array [],
                    "_exclusive": Object {
                      "required": false,
                    },
                    "_mutate": false,
                    "_options": Object {
                      "abortEarly": true,
                      "recursive": true,
                    },
                    "_type": "number",
                    "_typeError": [Function],
                    "_whitelist": RefSet {
                      "list": Set {},
                      "refs": Map {},
                    },
                    "tests": Array [
                      [Function],
                    ],
                    "transforms": Array [
                      [Function],
                    ],
                  },
                  "sideThree": NumberSchema {
                    "_blacklist": RefSet {
                      "list": Set {},
                      "refs": Map {},
                    },
                    "_conditions": Array [],
                    "_deps": Array [],
                    "_exclusive": Object {
                      "required": false,
                    },
                    "_mutate": false,
                    "_options": Object {
                      "abortEarly": true,
                      "recursive": true,
                    },
                    "_type": "number",
                    "_typeError": [Function],
                    "_whitelist": RefSet {
                      "list": Set {},
                      "refs": Map {},
                    },
                    "tests": Array [
                      [Function],
                    ],
                    "transforms": Array [
                      [Function],
                    ],
                  },
                  "sideTwo": NumberSchema {
                    "_blacklist": RefSet {
                      "list": Set {},
                      "refs": Map {},
                    },
                    "_conditions": Array [],
                    "_deps": Array [],
                    "_exclusive": Object {
                      "required": false,
                    },
                    "_mutate": false,
                    "_options": Object {
                      "abortEarly": true,
                      "recursive": true,
                    },
                    "_type": "number",
                    "_typeError": [Function],
                    "_whitelist": RefSet {
                      "list": Set {},
                      "refs": Map {},
                    },
                    "tests": Array [
                      [Function],
                    ],
                    "transforms": Array [
                      [Function],
                    ],
                  },
                },
                "tests": Array [],
                "transforms": Array [
                  [Function],
                ],
              }
            }
          >
            [Function]
          </Formik>
          <div
            className="triangle-type"
          >
            <h4
              className="triangle-type-text"
            >
              This triangle is 
              Equilateral
            </h4>
          </div>
        </div>,
        "className": "container",
        "data-ts": "Main",
      },
      "ref": null,
      "rendered": Object {
        "instance": null,
        "key": undefined,
        "nodeType": "host",
        "props": Object {
          "children": Array [
            <h1
              className="title"
            >
              The Triangle Type
            </h1>,
            <Formik
              enableReinitialize={false}
              initialValues={
                Object {
                  "sideOne": 0,
                  "sideThree": 0,
                  "sideTwo": 0,
                }
              }
              isInitialValid={false}
              onSubmit={[Function]}
              validateOnBlur={true}
              validateOnChange={true}
              validationSchema={
                ObjectSchema {
                  "_blacklist": RefSet {
                    "list": Set {},
                    "refs": Map {},
                  },
                  "_conditions": Array [],
                  "_defaultDefault": [Function],
                  "_deps": Array [],
                  "_excludedEdges": Array [],
                  "_exclusive": Object {},
                  "_mutate": false,
                  "_nodes": Array [
                    "sideThree",
                    "sideTwo",
                    "sideOne",
                  ],
                  "_options": Object {
                    "abortEarly": true,
                    "recursive": true,
                  },
                  "_type": "object",
                  "_typeError": [Function],
                  "_whitelist": RefSet {
                    "list": Set {},
                    "refs": Map {},
                  },
                  "fields": Object {
                    "sideOne": NumberSchema {
                      "_blacklist": RefSet {
                        "list": Set {},
                        "refs": Map {},
                      },
                      "_conditions": Array [],
                      "_deps": Array [],
                      "_exclusive": Object {
                        "required": false,
                      },
                      "_mutate": false,
                      "_options": Object {
                        "abortEarly": true,
                        "recursive": true,
                      },
                      "_type": "number",
                      "_typeError": [Function],
                      "_whitelist": RefSet {
                        "list": Set {},
                        "refs": Map {},
                      },
                      "tests": Array [
                        [Function],
                      ],
                      "transforms": Array [
                        [Function],
                      ],
                    },
                    "sideThree": NumberSchema {
                      "_blacklist": RefSet {
                        "list": Set {},
                        "refs": Map {},
                      },
                      "_conditions": Array [],
                      "_deps": Array [],
                      "_exclusive": Object {
                        "required": false,
                      },
                      "_mutate": false,
                      "_options": Object {
                        "abortEarly": true,
                        "recursive": true,
                      },
                      "_type": "number",
                      "_typeError": [Function],
                      "_whitelist": RefSet {
                        "list": Set {},
                        "refs": Map {},
                      },
                      "tests": Array [
                        [Function],
                      ],
                      "transforms": Array [
                        [Function],
                      ],
                    },
                    "sideTwo": NumberSchema {
                      "_blacklist": RefSet {
                        "list": Set {},
                        "refs": Map {},
                      },
                      "_conditions": Array [],
                      "_deps": Array [],
                      "_exclusive": Object {
                        "required": false,
                      },
                      "_mutate": false,
                      "_options": Object {
                        "abortEarly": true,
                        "recursive": true,
                      },
                      "_type": "number",
                      "_typeError": [Function],
                      "_whitelist": RefSet {
                        "list": Set {},
                        "refs": Map {},
                      },
                      "tests": Array [
                        [Function],
                      ],
                      "transforms": Array [
                        [Function],
                      ],
                    },
                  },
                  "tests": Array [],
                  "transforms": Array [
                    [Function],
                  ],
                }
              }
            >
              [Function]
            </Formik>,
            <div
              className="triangle-type"
            >
              <h4
                className="triangle-type-text"
              >
                This triangle is 
                Equilateral
              </h4>
            </div>,
          ],
          "className": "form-container",
        },
        "ref": null,
        "rendered": Array [
          Object {
            "instance": null,
            "key": undefined,
            "nodeType": "host",
            "props": Object {
              "children": "The Triangle Type",
              "className": "title",
            },
            "ref": null,
            "rendered": "The Triangle Type",
            "type": "h1",
          },
          Object {
            "instance": null,
            "key": undefined,
            "nodeType": "class",
            "props": Object {
              "children": [Function],
              "enableReinitialize": false,
              "initialValues": Object {
                "sideOne": 0,
                "sideThree": 0,
                "sideTwo": 0,
              },
              "isInitialValid": false,
              "onSubmit": [Function],
              "validateOnBlur": true,
              "validateOnChange": true,
              "validationSchema": ObjectSchema {
                "_blacklist": RefSet {
                  "list": Set {},
                  "refs": Map {},
                },
                "_conditions": Array [],
                "_defaultDefault": [Function],
                "_deps": Array [],
                "_excludedEdges": Array [],
                "_exclusive": Object {},
                "_mutate": false,
                "_nodes": Array [
                  "sideThree",
                  "sideTwo",
                  "sideOne",
                ],
                "_options": Object {
                  "abortEarly": true,
                  "recursive": true,
                },
                "_type": "object",
                "_typeError": [Function],
                "_whitelist": RefSet {
                  "list": Set {},
                  "refs": Map {},
                },
                "fields": Object {
                  "sideOne": NumberSchema {
                    "_blacklist": RefSet {
                      "list": Set {},
                      "refs": Map {},
                    },
                    "_conditions": Array [],
                    "_deps": Array [],
                    "_exclusive": Object {
                      "required": false,
                    },
                    "_mutate": false,
                    "_options": Object {
                      "abortEarly": true,
                      "recursive": true,
                    },
                    "_type": "number",
                    "_typeError": [Function],
                    "_whitelist": RefSet {
                      "list": Set {},
                      "refs": Map {},
                    },
                    "tests": Array [
                      [Function],
                    ],
                    "transforms": Array [
                      [Function],
                    ],
                  },
                  "sideThree": NumberSchema {
                    "_blacklist": RefSet {
                      "list": Set {},
                      "refs": Map {},
                    },
                    "_conditions": Array [],
                    "_deps": Array [],
                    "_exclusive": Object {
                      "required": false,
                    },
                    "_mutate": false,
                    "_options": Object {
                      "abortEarly": true,
                      "recursive": true,
                    },
                    "_type": "number",
                    "_typeError": [Function],
                    "_whitelist": RefSet {
                      "list": Set {},
                      "refs": Map {},
                    },
                    "tests": Array [
                      [Function],
                    ],
                    "transforms": Array [
                      [Function],
                    ],
                  },
                  "sideTwo": NumberSchema {
                    "_blacklist": RefSet {
                      "list": Set {},
                      "refs": Map {},
                    },
                    "_conditions": Array [],
                    "_deps": Array [],
                    "_exclusive": Object {
                      "required": false,
                    },
                    "_mutate": false,
                    "_options": Object {
                      "abortEarly": true,
                      "recursive": true,
                    },
                    "_type": "number",
                    "_typeError": [Function],
                    "_whitelist": RefSet {
                      "list": Set {},
                      "refs": Map {},
                    },
                    "tests": Array [
                      [Function],
                    ],
                    "transforms": Array [
                      [Function],
                    ],
                  },
                },
                "tests": Array [],
                "transforms": Array [
                  [Function],
                ],
              },
            },
            "ref": null,
            "rendered": [Function],
            "type": [Function],
          },
          Object {
            "instance": null,
            "key": undefined,
            "nodeType": "host",
            "props": Object {
              "children": <h4
                className="triangle-type-text"
              >
                This triangle is 
                Equilateral
              </h4>,
              "className": "triangle-type",
            },
            "ref": null,
            "rendered": Object {
              "instance": null,
              "key": undefined,
              "nodeType": "host",
              "props": Object {
                "children": Array [
                  "This triangle is ",
                  "Equilateral",
                ],
                "className": "triangle-type-text",
              },
              "ref": null,
              "rendered": Array [
                "This triangle is ",
                "Equilateral",
              ],
              "type": "h4",
            },
            "type": "div",
          },
        ],
        "type": "div",
      },
      "type": "div",
    },
  ],
  Symbol(enzyme.__options__): Object {
    "adapter": ReactSixteenAdapter {
      "options": Object {
        "enableComponentDidUpdateOnSetState": true,
        "lifecycles": Object {
          "componentDidUpdate": Object {
            "onSetState": true,
          },
          "getDerivedStateFromProps": true,
          "getSnapshotBeforeUpdate": true,
          "setState": Object {
            "skipsComponentDidUpdateOnNullish": true,
          },
        },
      },
    },
  },
}
`;
